C51 COMPILER V9.60.0.0   PWM                                                               11/24/2022 15:43:11 PAGE 1   


C51 COMPILER V9.60.0.0, COMPILATION OF MODULE PWM
OBJECT MODULE PLACED IN .\Objects\pwm.obj
COMPILER INVOKED BY: D:\Keil_v5\C51\BIN\C51.EXE ..\Hardware\PWM\pwm.c LARGE OPTIMIZE(8,SPEED) BROWSE INCDIR(..\User;..\H
                    -ardware\SYSCLK;..\Hardware\GPIOConfig;..\Hardware\Delay;..\Hardware\usart;..\Hardware\I2C;..\Hardware\ADC;..\Hardware\PW
                    -M;..\Hardware\EEPROM;..\Hardware\ADC11;..\Hardware\TIM) DEBUG OBJECTEXTEND PRINT(.\Listings\pwm.lst) TABS(2) OBJECT(.\Ob
                    -jects\pwm.obj)

line level    source

   1          #include <pwm.h>
   2          
   3          //全低100%亮度，全高0%亮度
   4          void PWM_init()
   5          {
   6   1        P_SW2 = 0x80;   //将EAXFR置1， 允许访问特殊功能寄存器
   7   1        PWMCKS = 0x00;  //PWM时钟为系统时钟
   8   1        PWMC = 0x12C0;  //设置PWM周期为12C0H个PWM时钟0X64*0X30  
   9   1        PWM0T1= 0x0000; //在计数值为000H地方输出低电平  
  10   1        PWM0T2= 0x12C0; //在计数值为12C0H地方输出高电平，100%亮度
  11   1        PWM0CR= 0xC0;   //使能PWM0 ,初始电平为高电平  
  12   1        PWMCR = 0x80;   //使能PWM
  13   1      }
  14          
  15          void PWM_set(u16 pwm)
  16          {
  17   1        P_SW2 = 0x80;   //将EAXFR置1， 允许访问特殊功能寄存器
  18   1        PWMCKS = 0x00;  // PWM时钟为系统时钟
  19   1        PWMC = 0x12C0;  //设置PWM周期为12C0H个PWM时钟0X64*0X30  
  20   1        PWM0T1= 0x0000; //在计数值为000H地方输出低电平  
  21   1        PWM0T2= pwm; //在计数值为12C0H地方输出高电平，100%亮度
  22   1        PWM0CR= 0xC0;   //使能PWM0 ,初始电平为高电平  
  23   1        PWMCR = 0x80;   //使能PWM
  24   1      }


MODULE INFORMATION:   STATIC OVERLAYABLE
   CODE SIZE        =     78    ----
   CONSTANT SIZE    =   ----    ----
   XDATA SIZE       =   ----    ----
   PDATA SIZE       =   ----    ----
   DATA SIZE        =   ----    ----
   IDATA SIZE       =   ----    ----
   BIT SIZE         =   ----    ----
END OF MODULE INFORMATION.


C51 COMPILATION COMPLETE.  0 WARNING(S),  0 ERROR(S)
